2025-04-11 10:01:18,999 - INFO - Starting web scraping...
2025-04-11 10:01:24,981 - INFO - No job data scraped.
2025-04-11 10:01:33,807 - INFO - Starting web scraping...
2025-04-11 10:01:35,535 - INFO - No job data scraped.
2025-04-11 10:01:48,213 - INFO - Starting web scraping...
2025-04-11 10:01:52,683 - INFO - No job data scraped.
2025-04-11 10:13:32,496 - INFO - Starting web scraping...
2025-04-11 10:13:35,117 - INFO - No job data scraped.
2025-04-11 11:41:11,387 - INFO - Starting web scraping...
2025-04-11 11:41:19,459 - INFO - No job data scraped.
2025-04-11 12:50:36,258 - INFO - Starting web scraping...
2025-04-11 12:50:58,267 - INFO - No job data scraped.
2025-04-11 15:08:27,377 - INFO - Starting web scraping...
2025-04-11 15:08:30,220 - INFO - No job data scraped.
2025-04-11 15:09:14,310 - INFO - Starting web scraping...
2025-04-11 15:09:15,029 - INFO - No job data scraped.
2025-04-14 07:34:59,190 - INFO - Starting web scraping...
2025-04-14 07:35:01,324 - INFO - No job data scraped.
2025-04-14 07:39:06,784 - INFO - Starting web scraping...
2025-04-14 07:39:07,730 - INFO - No job data scraped.
2025-04-14 07:44:04,492 - INFO - Starting web scraping...
2025-04-14 07:44:05,337 - INFO - No job data scraped.
2025-04-14 07:47:55,803 - INFO - Starting web scraping...
2025-04-14 07:47:57,634 - INFO - No job data scraped.
2025-04-14 07:48:42,137 - INFO - Starting web scraping...
2025-04-14 07:48:43,035 - INFO - No job data scraped.
2025-04-14 07:49:04,399 - INFO - Starting web scraping...
2025-04-14 07:49:05,272 - INFO - No job data scraped.
2025-04-14 07:49:12,832 - INFO - Starting web scraping...
2025-04-14 07:49:13,648 - INFO - No job data scraped.
2025-04-14 07:54:32,687 - INFO - Starting web scraping...
2025-04-14 07:54:33,512 - INFO - No job data scraped.
2025-04-14 08:04:47,632 - INFO - Starting to scrape 10 jobs from https://vacancymail.co.zw/jobs/
2025-04-14 08:04:48,608 - INFO - Successfully fetched https://vacancymail.co.zw/jobs/
2025-04-14 08:04:48,724 - ERROR - No job listings found on the page
2025-04-14 08:05:21,817 - INFO - Starting to scrape 10 jobs from https://vacancymail.co.zw/jobs/
2025-04-14 08:05:22,905 - INFO - Successfully fetched https://vacancymail.co.zw/jobs/
2025-04-14 08:05:22,945 - ERROR - No job listings found on the page
2025-04-14 08:37:49,122 - INFO - Starting to scrape 2 jobs from https://vacancymail.co.zw/jobs/
2025-04-14 08:37:49,123 - ERROR - Exception in callback _ProactorBasePipeTransport._call_connection_lost()
handle: <Handle _ProactorBasePipeTransport._call_connection_lost()>
Traceback (most recent call last):
  File "C:\Users\uncommonStudent\AppData\Local\Programs\Python\Python313\Lib\asyncio\events.py", line 89, in _run
    self._context.run(self._callback, *self._args)
    ~~~~~~~~~~~~~~~~~^^^^^^^^^^^^^^^^^^^^^^^^^^^^^
  File "C:\Users\uncommonStudent\AppData\Local\Programs\Python\Python313\Lib\asyncio\proactor_events.py", line 165, in _call_connection_lost
    self._sock.shutdown(socket.SHUT_RDWR)
    ~~~~~~~~~~~~~~~~~~~^^^^^^^^^^^^^^^^^^
ConnectionAbortedError: [WinError 10053] An established connection was aborted by the software in your host machine
2025-04-14 08:37:50,200 - INFO - Successfully fetched https://vacancymail.co.zw/jobs/
2025-04-14 08:37:50,241 - ERROR - No job listings found on the page
2025-04-14 10:08:50,965 - INFO - Starting job scrape...
2025-04-14 10:08:54,086 - INFO - Job scrape successful. Data saved to scraped_data.csv.
2025-04-14 10:14:27,131 - INFO - Starting job scrape for 10 jobs...
2025-04-14 10:14:28,332 - INFO - Job scrape successful. 10 jobs saved to scraped_jobs.csv.
2025-04-14 10:17:11,444 - INFO - Starting job scrape for 10 jobs...
2025-04-14 10:17:12,548 - INFO - Job scrape successful. 10 jobs saved to scraped_jobs.csv.
2025-04-14 10:20:00,978 - INFO - Starting job scrape for 10 jobs...
2025-04-14 10:20:02,831 - INFO - Job scrape successful. 10 jobs saved to scraped_jobs.csv.
2025-04-14 10:48:46,356 - INFO - Starting job scrape for 10 jobs...
2025-04-14 10:48:47,449 - INFO - Job scrape successful. 10 jobs saved to scraped_jobs.csv.
2025-04-14 10:55:49,316 - INFO - Starting job scrape for 10 jobs...
2025-04-14 10:55:50,775 - INFO - Job scrape successful. 10 jobs saved to scraped_jobs.csv.
